Sep-22 15:48:27.591 [main] DEBUG nextflow.cli.Launcher - $> nextflow run main.nf --input samplesheet.csv -resume
Sep-22 15:48:27.670 [main] INFO  nextflow.cli.CmdRun - N E X T F L O W  ~  version 23.10.0
Sep-22 15:48:27.686 [main] DEBUG nextflow.plugin.PluginsFacade - Setting up plugin manager > mode=prod; embedded=false; plugins-dir=/home/vmartin/.nextflow/plugins; core-plugins: nf-amazon@2.1.4,nf-azure@1.3.2,nf-cloudcache@0.3.0,nf-codecommit@0.1.5,nf-console@1.0.6,nf-ga4gh@1.1.0,nf-google@1.8.3,nf-tower@1.6.3,nf-wave@1.0.0
Sep-22 15:48:27.693 [main] INFO  o.pf4j.DefaultPluginStatusProvider - Enabled plugins: []
Sep-22 15:48:27.694 [main] INFO  o.pf4j.DefaultPluginStatusProvider - Disabled plugins: []
Sep-22 15:48:27.696 [main] INFO  org.pf4j.DefaultPluginManager - PF4J version 3.4.1 in 'deployment' mode
Sep-22 15:48:27.704 [main] INFO  org.pf4j.AbstractPluginManager - No plugins
Sep-22 15:48:27.718 [main] DEBUG nextflow.config.ConfigBuilder - Found config local: /research/rgs01/home/clusterHome/vmartin/projects/pipeline/cellranger/nextflow.config
Sep-22 15:48:27.719 [main] DEBUG nextflow.config.ConfigBuilder - Parsing config file: /research/rgs01/home/clusterHome/vmartin/projects/pipeline/cellranger/nextflow.config
Sep-22 15:48:27.770 [main] DEBUG nextflow.config.ConfigBuilder - Applying config profile: `standard`
Sep-22 15:48:28.244 [main] DEBUG nextflow.cli.CmdRun - Applied DSL=2 from script declararion
Sep-22 15:48:28.256 [main] INFO  nextflow.cli.CmdRun - Launching `main.nf` [pensive_agnesi] DSL2 - revision: 8369f9db47
Sep-22 15:48:28.257 [main] DEBUG nextflow.plugin.PluginsFacade - Plugins default=[]
Sep-22 15:48:28.257 [main] DEBUG nextflow.plugin.PluginsFacade - Plugins resolved requirement=[]
Sep-22 15:48:28.264 [main] DEBUG n.secret.LocalSecretsProvider - Secrets store: /home/vmartin/.nextflow/secrets/store.json
Sep-22 15:48:28.267 [main] DEBUG nextflow.secret.SecretsLoader - Discovered secrets providers: [nextflow.secret.LocalSecretsProvider@7b122839] - activable => nextflow.secret.LocalSecretsProvider@7b122839
Sep-22 15:48:28.321 [main] DEBUG nextflow.Session - Session UUID: 0750aaf2-29a2-497f-80a2-87db28a99bf6
Sep-22 15:48:28.321 [main] DEBUG nextflow.Session - Run name: pensive_agnesi
Sep-22 15:48:28.321 [main] DEBUG nextflow.Session - Executor pool size: 8
Sep-22 15:48:28.326 [main] DEBUG nextflow.file.FilePorter - File porter settings maxRetries=3; maxTransfers=50; pollTimeout=null
Sep-22 15:48:28.329 [main] DEBUG nextflow.util.ThreadPoolBuilder - Creating thread pool 'FileTransfer' minSize=10; maxSize=24; workQueue=LinkedBlockingQueue[10000]; allowCoreThreadTimeout=false
Sep-22 15:48:28.346 [main] DEBUG nextflow.cli.CmdRun - 
  Version: 23.10.0 build 5889
  Created: 15-10-2023 15:07 UTC (10:07 CDT)
  System: Linux 4.18.0-553.42.1.el8_10.x86_64
  Runtime: Groovy 3.0.19 on OpenJDK 64-Bit Server VM 20.0.2+9-78
  Encoding: UTF-8 (ANSI_X3.4-1968)
  Process: 3220359@noderome102 [10.220.17.2]
  CPUs: 8 - Mem: 1003.4 GB (769.3 GB) - Swap: 16 GB (16 GB)
Sep-22 15:48:28.375 [main] DEBUG nextflow.Session - Work-dir: /research/rgs01/home/clusterHome/vmartin/projects/pipeline/cellranger/work [gpfs]
Sep-22 15:48:28.398 [main] DEBUG nextflow.executor.ExecutorFactory - Extension executors providers=[]
Sep-22 15:48:28.405 [main] DEBUG nextflow.Session - Observer factory: DefaultObserverFactory
Sep-22 15:48:28.421 [main] DEBUG nextflow.cache.CacheFactory - Using Nextflow cache factory: nextflow.cache.DefaultCacheFactory
Sep-22 15:48:28.452 [main] DEBUG nextflow.util.CustomThreadPool - Creating default thread pool > poolSize: 9; maxThreads: 1000
Sep-22 15:48:28.518 [main] DEBUG nextflow.Session - Session start
Sep-22 15:48:28.780 [main] DEBUG nextflow.script.ScriptRunner - > Launching execution
Sep-22 15:48:29.565 [main] DEBUG nextflow.script.ProcessConfig - Config settings `withLabel:process_high` matches labels `process_high` for process with name CELLRANGER_RNA_COUNT
Sep-22 15:48:29.570 [main] DEBUG nextflow.executor.ExecutorFactory - << taskConfig executor: local
Sep-22 15:48:29.570 [main] DEBUG nextflow.executor.ExecutorFactory - >> processorType: 'local'
Sep-22 15:48:29.574 [main] DEBUG nextflow.executor.Executor - [warm up] executor > local
Sep-22 15:48:29.580 [main] DEBUG n.processor.LocalPollingMonitor - Creating local task monitor for executor 'local' > cpus=8; memory=1003.4 GB; capacity=8; pollInterval=100ms; dumpInterval=5m
Sep-22 15:48:29.582 [main] DEBUG n.processor.TaskPollingMonitor - >>> barrier register (monitor: local)
Sep-22 15:48:29.631 [main] DEBUG nextflow.script.ProcessConfig - Config settings `withLabel:process_gpu_high` matches labels `process_gpu_high` for process with name CELLBENDER_REMOVEBG
Sep-22 15:48:29.632 [main] DEBUG nextflow.executor.ExecutorFactory - << taskConfig executor: local
Sep-22 15:48:29.632 [main] DEBUG nextflow.executor.ExecutorFactory - >> processorType: 'local'
Sep-22 15:48:29.635 [main] DEBUG nextflow.script.ProcessConfig - Config settings `withLabel:process_med` matches labels `process_med` for process with name VELOCYTO_RUN10X
Sep-22 15:48:29.635 [main] DEBUG nextflow.executor.ExecutorFactory - << taskConfig executor: local
Sep-22 15:48:29.635 [main] DEBUG nextflow.executor.ExecutorFactory - >> processorType: 'local'
Sep-22 15:48:29.638 [main] DEBUG nextflow.script.ProcessConfig - Config settings `withLabel:process_med` matches labels `process_med` for process with name DROPLET_QC
Sep-22 15:48:29.639 [main] DEBUG nextflow.executor.ExecutorFactory - << taskConfig executor: local
Sep-22 15:48:29.639 [main] DEBUG nextflow.executor.ExecutorFactory - >> processorType: 'local'
Sep-22 15:48:29.652 [main] DEBUG nextflow.script.ProcessConfig - Config settings `withLabel:process_high` matches labels `process_high` for process with name MERGE_RESULTS
Sep-22 15:48:29.653 [main] DEBUG nextflow.executor.ExecutorFactory - << taskConfig executor: local
Sep-22 15:48:29.653 [main] DEBUG nextflow.executor.ExecutorFactory - >> processorType: 'local'
Sep-22 15:48:29.654 [main] DEBUG nextflow.Session - Workflow process names [dsl2]: FASTQC, VELOCYTO_RUN10X, CELLRANGER_RNA_COUNT, DROPLET_QC, CELLRANGER_ATAC_COUNT, MULTIQC, CAT_FASTQ, MERGE_RESULTS, CELLBENDER_REMOVEBG
Sep-22 15:48:29.655 [main] DEBUG nextflow.Session - Igniting dataflow network (6)
Sep-22 15:48:29.659 [main] DEBUG nextflow.processor.TaskProcessor - Starting process > CELLRANGER_RNA_COUNT
Sep-22 15:48:29.660 [main] DEBUG nextflow.processor.TaskProcessor - Starting process > CELLBENDER_REMOVEBG
Sep-22 15:48:29.660 [main] DEBUG nextflow.processor.TaskProcessor - Starting process > VELOCYTO_RUN10X
Sep-22 15:48:29.660 [main] DEBUG nextflow.processor.TaskProcessor - Starting process > DROPLET_QC
Sep-22 15:48:29.660 [main] DEBUG nextflow.processor.TaskProcessor - Starting process > MERGE_RESULTS
Sep-22 15:48:29.660 [main] DEBUG nextflow.script.ScriptRunner - Parsed script files:
  Script_3b61520c80ea0fd2: /research/rgs01/home/clusterHome/vmartin/projects/pipeline/cellranger/./modules/cellranger/rnacount.nf
  Script_37a7dc86b6364cec: /research/rgs01/home/clusterHome/vmartin/projects/pipeline/cellranger/./modules/fastqc/multiqc.nf
  Script_7a53aece0efa4c0f: /research/rgs01/home/clusterHome/vmartin/projects/pipeline/cellranger/./modules/velocyto/run10x.nf
  Script_0f530d00b5288995: /research/rgs01/home/clusterHome/vmartin/projects/pipeline/cellranger/./modules/cellranger/ataccount.nf
  Script_e736c06728473cc5: /research/rgs01/home/clusterHome/vmartin/projects/pipeline/cellranger/./modules/fastqc/fastqc.nf
  Script_3d7da9040a61b1ee: /research/rgs01/home/clusterHome/vmartin/projects/pipeline/cellranger/./modules/cat/fastq.nf
  Script_dd92456706f87d21: /research/rgs01/home/clusterHome/vmartin/projects/pipeline/cellranger/main.nf
  Script_3f13a77d76fd2636: /research/rgs01/home/clusterHome/vmartin/projects/pipeline/cellranger/./modules/cellbender/removebg.nf
  Script_5050663aeb07d49c: /research/rgs01/home/clusterHome/vmartin/projects/pipeline/cellranger/./modules/dropletqc/dropletqc.nf
  Script_82617777e7c60d10: /research/rgs01/home/clusterHome/vmartin/projects/pipeline/cellranger/./modules/custom/mergeresults.nf
Sep-22 15:48:29.660 [main] DEBUG nextflow.script.ScriptRunner - > Awaiting termination 
Sep-22 15:48:29.660 [main] DEBUG nextflow.Session - Session await
Sep-22 15:48:30.371 [Actor Thread 7] INFO  nextflow.processor.TaskProcessor - [f5/60b02f] Cached process > CELLRANGER_RNA_COUNT (pbmc_1k_v3)
Sep-22 15:48:30.390 [Actor Thread 8] DEBUG nextflow.conda.CondaCache - conda found local env for environment=/research/groups/northcgrp/home/common/Rachel/envs/velocyto; path=/research/groups/northcgrp/home/common/Rachel/envs/velocyto
Sep-22 15:48:30.390 [Actor Thread 6] DEBUG nextflow.conda.CondaCache - conda found local env for environment=/research/groups/northcgrp/home/common/Rachel/envs/R_nf_4.3.1; path=/research/groups/northcgrp/home/common/Rachel/envs/R_nf_4.3.1
Sep-22 15:48:30.391 [Actor Thread 3] DEBUG nextflow.conda.CondaCache - conda found local env for environment=/research/groups/northcgrp/home/common/Rachel/envs/cellbender; path=/research/groups/northcgrp/home/common/Rachel/envs/cellbender
Sep-22 15:48:30.394 [Actor Thread 7] DEBUG nextflow.util.ThreadPoolBuilder - Creating thread pool 'PublishDir' minSize=10; maxSize=24; workQueue=LinkedBlockingQueue[10000]; allowCoreThreadTimeout=false
Sep-22 15:48:30.395 [Actor Thread 1] INFO  nextflow.processor.TaskProcessor - [19/f51e1c] Cached process > CELLBENDER_REMOVEBG (pbmc_1k_v3)
Sep-22 15:48:30.395 [Actor Thread 9] INFO  nextflow.processor.TaskProcessor - [ac/398085] Cached process > VELOCYTO_RUN10X (pbmc_1k_v3)
Sep-22 15:48:30.396 [Actor Thread 2] INFO  nextflow.processor.TaskProcessor - [dd/910d91] Cached process > DROPLET_QC (pbmc_1k_v3)
Sep-22 15:48:30.406 [Actor Thread 6] DEBUG nextflow.conda.CondaCache - conda found local env for environment=/research/groups/northcgrp/home/common/Vincentius/envs/scmerge; path=/research/groups/northcgrp/home/common/Vincentius/envs/scmerge
Sep-22 15:48:30.459 [Task submitter] DEBUG n.executor.local.LocalTaskHandler - Launch cmd line: /bin/bash -ue .command.run
Sep-22 15:48:30.460 [Task submitter] INFO  nextflow.Session - [69/ef4c49] Submitted process > MERGE_RESULTS (merged_samples)
Sep-22 15:48:42.957 [Task monitor] DEBUG n.processor.TaskPollingMonitor - Task completed > TaskHandler[id: 5; name: MERGE_RESULTS (merged_samples); status: COMPLETED; exit: 0; error: -; workDir: /research/rgs01/home/clusterHome/vmartin/projects/pipeline/cellranger/work/69/ef4c49938ed6f4e4e3407dc0c1407c]
Sep-22 15:48:42.960 [main] DEBUG nextflow.Session - Session await > all processes finished
Sep-22 15:48:42.964 [Task monitor] DEBUG n.processor.TaskPollingMonitor - <<< barrier arrives (monitor: local) - terminating tasks monitor poll loop
Sep-22 15:48:42.964 [main] DEBUG nextflow.Session - Session await > all barriers passed
Sep-22 15:48:43.093 [main] DEBUG nextflow.util.ThreadPoolManager - Thread pool 'PublishDir' shutdown completed (hard=false)
Sep-22 15:48:43.098 [main] DEBUG n.trace.WorkflowStatsObserver - Workflow completed > WorkflowStats[succeededCount=1; failedCount=0; ignoredCount=0; cachedCount=4; pendingCount=0; submittedCount=0; runningCount=0; retriesCount=0; abortedCount=0; succeedDuration=49.8s; failedDuration=0ms; cachedDuration=4h 34m 10s;loadCpus=0; loadMemory=0; peakRunning=1; peakCpus=4; peakMemory=16 GB; ]
Sep-22 15:48:43.225 [main] DEBUG nextflow.cache.CacheDB - Closing CacheDB done
Sep-22 15:48:43.260 [main] DEBUG nextflow.util.ThreadPoolManager - Thread pool 'FileTransfer' shutdown completed (hard=false)
Sep-22 15:48:43.260 [main] DEBUG nextflow.script.ScriptRunner - > Execution complete -- Goodbye
